<?xml version="1.0" encoding="UTF-8"?>
<testng-results ignored="0" total="4" passed="4" failed="0" skipped="0">
  <reporter-output>
  </reporter-output>
  <suite started-at="2024-01-27T20:15:32 IST" name="Gradle suite" finished-at="2024-01-27T20:15:43 IST" duration-ms="10930">
    <groups>
      <group name="API Tests">
        <method signature="testCase_API_01.testCase01()[pri:0, instance:qtriptest.APITests.testCase_API_01@53aac487]" name="testCase01" class="qtriptest.APITests.testCase_API_01"/>
        <method signature="testCase_API_02.testCase02()[pri:0, instance:qtriptest.APITests.testCase_API_02@242b836]" name="testCase02" class="qtriptest.APITests.testCase_API_02"/>
        <method signature="testCase_API_03.testCase03()[pri:0, instance:qtriptest.APITests.testCase_API_03@3f6f6701]" name="testCase03" class="qtriptest.APITests.testCase_API_03"/>
        <method signature="testCase_API_04.testCase04()[pri:0, instance:qtriptest.APITests.testCase_API_04@3527942a]" name="testCase04" class="qtriptest.APITests.testCase_API_04"/>
      </group> <!-- API Tests -->
    </groups>
    <test started-at="2024-01-27T20:15:32 IST" name="Gradle test" finished-at="2024-01-27T20:15:43 IST" duration-ms="10930">
      <class name="qtriptest.APITests.testCase_API_01">
        <test-method signature="testCase01()[pri:0, instance:qtriptest.APITests.testCase_API_01@53aac487]" started-at="2024-01-27T20:15:32 IST" name="testCase01" description="API for register and login" finished-at="2024-01-27T20:15:40 IST" duration-ms="7469" status="PASS">
          <reporter-output>
          </reporter-output>
        </test-method> <!-- testCase01 -->
      </class> <!-- qtriptest.APITests.testCase_API_01 -->
      <class name="qtriptest.APITests.testCase_API_02">
        <test-method signature="testCase02()[pri:0, instance:qtriptest.APITests.testCase_API_02@242b836]" started-at="2024-01-27T20:15:40 IST" name="testCase02" description="API for displaying cities for planning tour." finished-at="2024-01-27T20:15:41 IST" duration-ms="1118" status="PASS">
          <reporter-output>
          </reporter-output>
        </test-method> <!-- testCase02 -->
      </class> <!-- qtriptest.APITests.testCase_API_02 -->
      <class name="qtriptest.APITests.testCase_API_03">
        <test-method signature="testCase03()[pri:0, instance:qtriptest.APITests.testCase_API_03@3f6f6701]" started-at="2024-01-27T20:15:41 IST" name="testCase03" description="API for booking reservation and getting result of booking." finished-at="2024-01-27T20:15:41 IST" duration-ms="1" status="PASS">
          <reporter-output>
          </reporter-output>
        </test-method> <!-- testCase03 -->
      </class> <!-- qtriptest.APITests.testCase_API_03 -->
      <class name="qtriptest.APITests.testCase_API_04">
        <test-method signature="testCase04()[pri:0, instance:qtriptest.APITests.testCase_API_04@3527942a]" started-at="2024-01-27T20:15:41 IST" name="testCase04" description="API for negative testing of register." finished-at="2024-01-27T20:15:43 IST" duration-ms="2191" status="PASS">
          <reporter-output>
          </reporter-output>
        </test-method> <!-- testCase04 -->
      </class> <!-- qtriptest.APITests.testCase_API_04 -->
    </test> <!-- Gradle test -->
  </suite> <!-- Gradle suite -->
</testng-results>
